============================================================
PULSAR 30-SECOND STEADY-STATE DIAGNOSIS
PID=1358288
SERVICE_START=Thu 2026-08-06 15:26:45 UTC
DATE=2026-08-06T15:35:23+00:00
============================================================

===== ACTIVE CONFIG =====
PULSAR_CAMERA_FPS=32
PULSAR_PREVIEW_FPS=10
PULSAR_PREVIEW_MAX_WIDTH=512
PULSAR_PREVIEW_MAX_HEIGHT=288
PULSAR_CAMERA_EXPOSURE_US=30000
PULSAR_JPEG_QUALITY=42
PULSAR_GPU_PIPELINE=both
PULSAR_GL_PBO_UPLOAD=1
PULSAR_STEREO_PAIRING_MODE=latest
PULSAR_SBS_PRESENT_VSYNC=0
PULSAR_ACQUISITION_BUFFER_COUNT=2
PULSAR_CAMERA_HARDWARE_ROI=0
PULSAR_GPU_DIRECT_SDK_H2D=0
PULSAR_CAMERA_LINK_THROUGHPUT_BPS=350000000
PULSAR_STREAM_TRANSFER_SIZE=262144
PULSAR_STREAM_TRANSFER_URB=64

===== DISPLAY TOPOLOGY =====
Screen 0: minimum 320 x 200, current 4864 x 1080, maximum 16384 x 16384
DP-1 disconnected (normal left inverted right x axis y axis)
HDMI-1 disconnected (normal left inverted right x axis y axis)
HDMI-2 connected primary 1024x600+0+0 (normal left inverted right x axis y axis) 476mm x 268mm
   1024x600      59.82*+
   1920x1080     60.00    50.00    59.94  
   1920x1080i    60.00    50.00    59.94  
   1280x1024     75.02  
   1280x720      60.00    50.00    59.94  
   1024x768      75.03    70.07    60.00  
   832x624       74.55  
   800x600       72.19    75.00    60.32    56.25  
   720x576       50.00  
   720x576i      50.00  
   720x480       60.00    59.94  
   720x480i      60.00    59.94  
   640x480       75.00    72.81    60.00    59.94  
   720x400       70.08  
HDMI-1-0 connected 1920x1080+1024+0 (normal left inverted right x axis y axis) 309mm x 173mm
   1920x1080     70.00*+  60.00    59.94    50.00    29.97    23.98  
   1680x1050     59.95  
   1600x1200     60.00  
   1600x900      60.00  
   1440x900      59.89  
   1400x1050     59.98  
   1280x1024     60.02  
   1280x720      59.94    50.00  
   1152x864      59.96  
   1024x768      60.00  
   800x600       60.32  
   720x576       50.00  
   720x480       59.94  
   640x480       59.94    59.93  
DP-1-0 disconnected (normal left inverted right x axis y axis)
DP-1-1 connected 1920x1080+2944+0 (normal left inverted right x axis y axis) 1920mm x 1080mm
   1920x1080     90.00*+ 120.00    60.00    59.94  
   720x480       59.94  
   640x480       59.93  
DP-1-2 disconnected (normal left inverted right x axis y axis)
DP-1-3 disconnected (normal left inverted right x axis y axis)
DP-1-4 disconnected (normal left inverted right x axis y axis)
DP-1-5 disconnected (normal left inverted right x axis y axis)
  1920x1080 (0x46) 148.500MHz +HSync +VSync
        h: width  1920 start 2008 end 2052 total 2200 skew    0 clock  67.50KHz
        v: height 1080 start 1084 end 1089 total 1125           clock  60.00Hz
  1920x1080 (0x47) 148.500MHz +HSync +VSync
        h: width  1920 start 2448 end 2492 total 2640 skew    0 clock  56.25KHz
        v: height 1080 start 1084 end 1089 total 1125           clock  50.00Hz
  1280x720 (0x4e) 74.250MHz +HSync +VSync
        h: width  1280 start 1720 end 1760 total 1980 skew    0 clock  37.50KHz
        v: height  720 start  725 end  730 total  750           clock  50.00Hz
  1024x768 (0x52) 65.000MHz -HSync -VSync
        h: width  1024 start 1048 end 1184 total 1344 skew    0 clock  48.36KHz
        v: height  768 start  771 end  777 total  806           clock  60.00Hz
  800x600 (0x56) 40.000MHz +HSync +VSync
        h: width   800 start  840 end  968 total 1056 skew    0 clock  37.88KHz
        v: height  600 start  601 end  605 total  628           clock  60.32Hz
  720x576 (0x58) 27.000MHz -HSync -VSync
        h: width   720 start  732 end  796 total  864 skew    0 clock  31.25KHz
        v: height  576 start  581 end  586 total  625           clock  50.00Hz
  720x480 (0x5b) 27.000MHz -HSync -VSync
        h: width   720 start  736 end  798 total  858 skew    0 clock  31.47KHz
        v: height  480 start  489 end  495 total  525           clock  59.94Hz
  640x480 (0x61) 25.175MHz -HSync -VSync
        h: width   640 start  656 end  752 total  800 skew    0 clock  31.47KHz
        v: height  480 start  490 end  492 total  525           clock  59.94Hz

===== COLLECTING 30 SECONDS =====
در این ۳۰ ثانیه تصویر دوربین و UI را حرکت بده.

===== AUTOMATIC MEDIAN ANALYSIS =====
CAMERA_API_FPS_MEDIAN=26.785,26.290
CAMERA_API_MODE=(1431, 1080),(1431, 1080)

[Left]
output-fps=26.480
acquired-fps=26.480
stale-dropped=0.000
dequeue-wait-ms=18.088
raw-copy-ms=10.551
process-ms=4.861
publish-ms=4.129
host-pipeline-ms=19.470
gpu-h2d-ms=3.037
gpu-debayer-ms=0.109
gpu-resize-ms=0.050
gpu-d2h-ms=1.495
gpu-total-ms=4.684

[Right]
output-fps=26.390
acquired-fps=26.390
stale-dropped=0.000
dequeue-wait-ms=15.795
raw-copy-ms=13.090
process-ms=4.743
publish-ms=4.182
host-pipeline-ms=21.909
gpu-h2d-ms=2.927
gpu-debayer-ms=0.111
gpu-resize-ms=0.051
gpu-d2h-ms=1.464
gpu-total-ms=4.575

[Renderer]
loop-fps=33.915
left-host-age-ms=60.714
right-host-age-ms=63.469
stereo-host-skew-ms=19.508
texture-upload-ms=5.117
prepare-ms=0.008
render-ms=23.744
present-ms=0.484
loop-total-ms=24.240

[UI]
raf-fps=3.700
raf-gap-max-ms=551.600
long-tasks=0.000
state-api-ms=16.395
left-request-ms=0.000
right-request-ms=0.000
left-source-age-ms=0.000
right-source-age-ms=0.000
left-decode-ms=0.000
right-decode-ms=0.000
left-draw-ms=0.000
right-draw-ms=0.000
left-dropped=0.000
right-dropped=0.000

[Detected stream mode]
not logged during test

===== PROCESS AND GPU SAMPLES =====
--- 1786030523.747030242 ---
    PID PSR  NI PRI %CPU %MEM NLWP STAT     ELAPSED
1358288   9   0  19  295  2.2   32 Sl         08:28
    TID PSR %CPU STAT COMMAND
1358288   9  0.0 Sl   pulsar-core
1358297   7  0.0 Sl   pulsar-core
1358298  14  0.0 Sl   pulsar-core
1358299  13 84.9 Rl   pulsar-core
1358300   8  0.0 Sl   pulsar-core
1358329  10  0.0 Sl   pulsar-core
1358330   2  0.2 SNl  pulsar-jpg-l
1358331  15 50.5 Rl   pulsar-cam-l
1358332   5  0.2 SNl  pulsar-jpg-r
1358333   3 57.7 Sl   pulsar-cam-r
1358334  12 23.2 Sl   pulsar-sbs
12 %, 1 %, 440 MiB, P2, 1770 MHz, 124.14 W, 72
--- 1786030524.943905857 ---
    PID PSR  NI PRI %CPU %MEM NLWP STAT     ELAPSED
1358288   9   0  19  296  2.2   32 Sl         08:29
    TID PSR %CPU STAT COMMAND
1358288   9  0.0 Sl   pulsar-core
1358297   7  0.0 Sl   pulsar-core
1358298  14  0.0 Sl   pulsar-core
1358299  13 84.9 Rl   pulsar-core
1358300   8  0.0 Sl   pulsar-core
1358329   9  0.0 Sl   pulsar-core
1358330   9  0.2 SNl  pulsar-jpg-l
1358331  15 50.5 Rl   pulsar-cam-l
1358332   5  0.2 SNl  pulsar-jpg-r
1358333   3 57.7 Rl   pulsar-cam-r
1358334  12 23.2 Rl   pulsar-sbs
19 %, 1 %, 440 MiB, P2, 1905 MHz, 137.41 W, 73
--- 1786030526.120937037 ---
    PID PSR  NI PRI %CPU %MEM NLWP STAT     ELAPSED
1358288  12   0  19  295  2.2   32 Sl         08:31
    TID PSR %CPU STAT COMMAND
1358288  12  0.0 Sl   pulsar-core
1358297   7  0.0 Sl   pulsar-core
1358298  14  0.0 Sl   pulsar-core
1358299  13 84.8 Rl   pulsar-core
1358300   8  0.0 Sl   pulsar-core
1358329   9  0.0 Sl   pulsar-core
1358330   9  0.2 SNl  pulsar-jpg-l
1358331  15 50.5 Sl   pulsar-cam-l
1358332   5  0.2 SNl  pulsar-jpg-r
1358333   3 57.6 Rl   pulsar-cam-r
1358334  12 23.1 Sl   pulsar-sbs
26 %, 1 %, 440 MiB, P2, 1890 MHz, 129.79 W, 72
--- 1786030527.280581511 ---
    PID PSR  NI PRI %CPU %MEM NLWP STAT     ELAPSED
1358288   9   0  19  295  2.2   32 Sl         08:32
    TID PSR %CPU STAT COMMAND
1358288   9  0.0 Sl   pulsar-core
1358297   7  0.0 Sl   pulsar-core
1358298  14  0.0 Sl   pulsar-core
1358299  13 84.8 Rl   pulsar-core
1358300   8  0.0 Sl   pulsar-core
1358329   9  0.0 Sl   pulsar-core
1358330   9  0.2 SNl  pulsar-jpg-l
1358331  15 50.5 Sl   pulsar-cam-l
1358332   5  0.2 SNl  pulsar-jpg-r
1358333   3 57.6 Sl   pulsar-cam-r
1358334  12 23.2 Sl   pulsar-sbs
34 %, 1 %, 440 MiB, P2, 1890 MHz, 134.85 W, 73
--- 1786030528.443034610 ---
    PID PSR  NI PRI %CPU %MEM NLWP STAT     ELAPSED
1358288   9   0  19  295  2.2   32 Sl         08:33
    TID PSR %CPU STAT COMMAND
1358288   9  0.0 Sl   pulsar-core
1358297   7  0.0 Sl   pulsar-core
1358298  14  0.0 Sl   pulsar-core
1358299  13 84.9 Rl   pulsar-core
1358300   8  0.0 Sl   pulsar-core
1358329   9  0.0 Sl   pulsar-core
1358330   0  0.2 SNl  pulsar-jpg-l
1358331  15 50.5 Sl   pulsar-cam-l
1358332   5  0.2 SNl  pulsar-jpg-r
1358333   3 57.6 Rl   pulsar-cam-r
1358334  12 23.2 Rl   pulsar-sbs
16 %, 1 %, 440 MiB, P2, 1770 MHz, 123.89 W, 71
--- 1786030529.631073565 ---
    PID PSR  NI PRI %CPU %MEM NLWP STAT     ELAPSED
1358288  12   0  19  295  2.2   32 Sl         08:34
    TID PSR %CPU STAT COMMAND
1358288  12  0.0 Sl   pulsar-core
1358297  10  0.0 Sl   pulsar-core
1358298  14  0.0 Sl   pulsar-core
1358299  13 84.9 Rl   pulsar-core
1358300   8  0.0 Sl   pulsar-core
1358329  12  0.0 Sl   pulsar-core
1358330   0  0.2 SNl  pulsar-jpg-l
1358331  15 50.5 Sl   pulsar-cam-l
1358332   4  0.2 SNl  pulsar-jpg-r
1358333   3 57.7 Rl   pulsar-cam-r
1358334  12 23.2 Sl   pulsar-sbs
12 %, 1 %, 440 MiB, P2, 1770 MHz, 116.21 W, 70
--- 1786030530.796783016 ---
    PID PSR  NI PRI %CPU %MEM NLWP STAT     ELAPSED
1358288  14   0  19  296  2.2   32 Sl         08:35
    TID PSR %CPU STAT COMMAND
1358288  14  0.0 Sl   pulsar-core
1358297  10  0.0 Sl   pulsar-core
1358298  14  0.0 Sl   pulsar-core
1358299  13 84.9 Rl   pulsar-core
1358300   8  0.0 Sl   pulsar-core
1358329  12  0.0 Sl   pulsar-core
1358330   9  0.2 SNl  pulsar-jpg-l
1358331  15 50.5 Sl   pulsar-cam-l
1358332   5  0.2 SNl  pulsar-jpg-r
1358333   3 57.7 Rl   pulsar-cam-r
1358334  12 23.2 Sl   pulsar-sbs
36 %, 1 %, 440 MiB, P2, 1905 MHz, 124.52 W, 71
--- 1786030531.958518973 ---
    PID PSR  NI PRI %CPU %MEM NLWP STAT     ELAPSED
1358288  15   0  19  296  2.2   32 Sl         08:36
    TID PSR %CPU STAT COMMAND
1358288  15  0.0 Sl   pulsar-core
1358297  10  0.0 Sl   pulsar-core
1358298  14  0.0 Sl   pulsar-core
1358299  13 85.0 Rl   pulsar-core
1358300   8  0.0 Sl   pulsar-core
1358329  10  0.0 Sl   pulsar-core
1358330   0  0.2 SNl  pulsar-jpg-l
1358331  15 50.6 Sl   pulsar-cam-l
1358332   5  0.2 SNl  pulsar-jpg-r
1358333   3 57.7 Rl   pulsar-cam-r
1358334  12 23.2 Sl   pulsar-sbs
33 %, 1 %, 440 MiB, P2, 1935 MHz, 141.48 W, 73
--- 1786030533.169333347 ---
    PID PSR  NI PRI %CPU %MEM NLWP STAT     ELAPSED
1358288   0   0  19  295  2.2   32 Sl         08:38
    TID PSR %CPU STAT COMMAND
1358288   0  0.0 Sl   pulsar-core
1358297  10  0.0 Sl   pulsar-core
1358298  14  0.0 Sl   pulsar-core
1358299  13 84.8 Rl   pulsar-core
1358300   8  0.0 Sl   pulsar-core
1358329  12  0.0 Sl   pulsar-core
1358330   0  0.2 SNl  pulsar-jpg-l
1358331  15 50.5 Rl   pulsar-cam-l
1358332   4  0.2 SNl  pulsar-jpg-r
1358333   3 57.6 Sl   pulsar-cam-r
1358334  12 23.2 Sl   pulsar-sbs
34 %, 1 %, 440 MiB, P2, 1935 MHz, 146.47 W, 74
--- 1786030534.350569955 ---
    PID PSR  NI PRI %CPU %MEM NLWP STAT     ELAPSED
1358288   0   0  19  295  2.2   32 Sl         08:39
    TID PSR %CPU STAT COMMAND
1358288   0  0.0 Sl   pulsar-core
1358297  10  0.0 Sl   pulsar-core
1358298  14  0.0 Sl   pulsar-core
1358299  13 84.9 Sl   pulsar-core
1358300   8  0.0 Sl   pulsar-core
1358329  10  0.0 Sl   pulsar-core
1358330   0  0.2 SNl  pulsar-jpg-l
1358331  15 50.5 Sl   pulsar-cam-l
1358332   5  0.2 SNl  pulsar-jpg-r
1358333   3 57.6 Sl   pulsar-cam-r
1358334  12 23.2 Sl   pulsar-sbs
34 %, 1 %, 440 MiB, P2, 1935 MHz, 147.36 W, 75
--- 1786030535.468853572 ---
    PID PSR  NI PRI %CPU %MEM NLWP STAT     ELAPSED
1358288   0   0  19  295  2.2   32 Sl         08:40
    TID PSR %CPU STAT COMMAND
1358288   0  0.0 Sl   pulsar-core
1358297  10  0.0 Sl   pulsar-core
1358298  14  0.0 Sl   pulsar-core
1358299  13 84.9 Rl   pulsar-core
1358300   8  0.0 Sl   pulsar-core
1358329  10  0.0 Sl   pulsar-core
1358330   4  0.2 SNl  pulsar-jpg-l
1358331  15 50.5 Rl   pulsar-cam-l
1358332   5  0.2 SNl  pulsar-jpg-r
1358333   3 57.6 Sl   pulsar-cam-r
1358334  12 23.2 Rl   pulsar-sbs
32 %, 1 %, 440 MiB, P2, 1935 MHz, 148.25 W, 75
--- 1786030536.658324694 ---
    PID PSR  NI PRI %CPU %MEM NLWP STAT     ELAPSED
1358288  14   0  19  296  2.2   32 Sl         08:41
    TID PSR %CPU STAT COMMAND
1358288  14  0.0 Sl   pulsar-core
1358297  10  0.0 Sl   pulsar-core
1358298  14  0.0 Sl   pulsar-core
1358299  13 84.9 Sl   pulsar-core
1358300   8  0.0 Sl   pulsar-core
1358329  10  0.0 Sl   pulsar-core
1358330   0  0.2 SNl  pulsar-jpg-l
1358331  15 50.6 Sl   pulsar-cam-l
1358332   5  0.2 SNl  pulsar-jpg-r
1358333   3 57.7 Rl   pulsar-cam-r
1358334  12 23.2 Sl   pulsar-sbs
14 %, 1 %, 440 MiB, P2, 1770 MHz, 119.13 W, 72
--- 1786030537.882434026 ---
    PID PSR  NI PRI %CPU %MEM NLWP STAT     ELAPSED
1358288  14   0  19  296  2.2   32 Sl         08:42
    TID PSR %CPU STAT COMMAND
1358288  14  0.0 Sl   pulsar-core
1358297   7  0.0 Sl   pulsar-core
1358298  14  0.0 Sl   pulsar-core
1358299  13 85.0 Rl   pulsar-core
1358300   8  0.0 Sl   pulsar-core
1358329  10  0.0 Sl   pulsar-core
1358330   0  0.2 SNl  pulsar-jpg-l
1358331  15 50.6 Sl   pulsar-cam-l
1358332   5  0.2 SNl  pulsar-jpg-r
1358333   3 57.7 Rl   pulsar-cam-r
1358334  12 23.2 Sl   pulsar-sbs
21 %, 1 %, 440 MiB, P2, 1905 MHz, 120.23 W, 71
--- 1786030539.037801552 ---
    PID PSR  NI PRI %CPU %MEM NLWP STAT     ELAPSED
1358288  14   0  19  296  2.2   33 Sl         08:43
    TID PSR %CPU STAT COMMAND
1358288  14  0.0 Sl   pulsar-core
1358297   7  0.0 Sl   pulsar-core
1358298  14  0.0 Sl   pulsar-core
1358299  13 85.0 Rl   pulsar-core
1358300   8  0.0 Sl   pulsar-core
1358329   0  0.0 Sl   pulsar-core
1358330   0  0.2 SNl  pulsar-jpg-l
1358331  15 50.6 Rl   pulsar-cam-l
1358332   5  0.2 SNl  pulsar-jpg-r
1358333   3 57.7 Sl   pulsar-cam-r
1358334  12 23.2 Sl   pulsar-sbs
33 %, 1 %, 440 MiB, P2, 1905 MHz, 136.89 W, 73
--- 1786030540.199302501 ---
    PID PSR  NI PRI %CPU %MEM NLWP STAT     ELAPSED
1358288   9   0  19  295  2.2   32 Sl         08:45
    TID PSR %CPU STAT COMMAND
1358288   9  0.0 Sl   pulsar-core
1358297   7  0.0 Sl   pulsar-core
1358298  14  0.0 Sl   pulsar-core
1358299  13 84.9 Rl   pulsar-core
1358300   8  0.0 Sl   pulsar-core
1358329   0  0.0 Sl   pulsar-core
1358330   2  0.2 SNl  pulsar-jpg-l
1358331  15 50.5 Sl   pulsar-cam-l
1358332   5  0.2 SNl  pulsar-jpg-r
1358333   3 57.6 Rl   pulsar-cam-r
1358334  12 23.2 Sl   pulsar-sbs
27 %, 1 %, 440 MiB, P2, 1770 MHz, 124.79 W, 71
--- 1786030541.375869670 ---
    PID PSR  NI PRI %CPU %MEM NLWP STAT     ELAPSED
1358288  14   0  19  295  2.2   32 Sl         08:46
    TID PSR %CPU STAT COMMAND
1358288  14  0.0 Sl   pulsar-core
1358297  14  0.0 Sl   pulsar-core
1358298  14  0.0 Sl   pulsar-core
1358299  13 84.9 Rl   pulsar-core
1358300   8  0.0 Sl   pulsar-core
1358329   1  0.0 Sl   pulsar-core
1358330   4  0.2 SNl  pulsar-jpg-l
1358331  15 50.5 Sl   pulsar-cam-l
1358332   4  0.2 SNl  pulsar-jpg-r
1358333   3 57.6 Rl   pulsar-cam-r
1358334  12 23.2 Sl   pulsar-sbs
35 %, 1 %, 440 MiB, P2, 1905 MHz, 124.69 W, 71
--- 1786030542.540128025 ---
    PID PSR  NI PRI %CPU %MEM NLWP STAT     ELAPSED
1358288  14   0  19  295  2.2   32 Sl         08:47
    TID PSR %CPU STAT COMMAND
1358288  14  0.0 Sl   pulsar-core
1358297  14  0.0 Sl   pulsar-core
1358298  14  0.0 Sl   pulsar-core
1358299  13 84.9 Rl   pulsar-core
1358300   8  0.0 Sl   pulsar-core
1358329   0  0.0 Sl   pulsar-core
1358330   4  0.2 SNl  pulsar-jpg-l
1358331  15 50.6 Sl   pulsar-cam-l
1358332   5  0.2 SNl  pulsar-jpg-r
1358333   3 57.6 Rl   pulsar-cam-r
1358334  12 23.2 Rl   pulsar-sbs
38 %, 1 %, 440 MiB, P2, 1905 MHz, 136.76 W, 72
--- 1786030543.751524295 ---
    PID PSR  NI PRI %CPU %MEM NLWP STAT     ELAPSED
1358288  14   0  19  296  2.2   32 Sl         08:48
    TID PSR %CPU STAT COMMAND
1358288  14  0.0 Sl   pulsar-core
1358297  14  0.0 Sl   pulsar-core
1358298  14  0.0 Sl   pulsar-core
1358299  13 85.0 Rl   pulsar-core
1358300   8  0.0 Sl   pulsar-core
1358329   1  0.0 Sl   pulsar-core
1358330   4  0.2 SNl  pulsar-jpg-l
1358331  15 50.6 Sl   pulsar-cam-l
1358332   5  0.2 SNl  pulsar-jpg-r
1358333   3 57.7 Rl   pulsar-cam-r
1358334  12 23.2 Rl   pulsar-sbs
34 %, 1 %, 440 MiB, P2, 1770 MHz, 116.76 W, 70
--- 1786030544.941314149 ---
    PID PSR  NI PRI %CPU %MEM NLWP STAT     ELAPSED
1358288  14   0  19  296  2.2   32 Sl         08:49
    TID PSR %CPU STAT COMMAND
1358288  14  0.0 Sl   pulsar-core
1358297  14  0.0 Sl   pulsar-core
1358298  14  0.0 Sl   pulsar-core
1358299  13 85.0 Rl   pulsar-core
1358300   8  0.0 Sl   pulsar-core
1358329   1  0.0 Sl   pulsar-core
1358330   4  0.2 SNl  pulsar-jpg-l
1358331  15 50.6 Rl   pulsar-cam-l
1358332   4  0.2 SNl  pulsar-jpg-r
1358333   3 57.7 Rl   pulsar-cam-r
1358334  12 23.2 Sl   pulsar-sbs
31 %, 1 %, 440 MiB, P2, 1770 MHz, 115.28 W, 70
--- 1786030546.113166173 ---
    PID PSR  NI PRI %CPU %MEM NLWP STAT     ELAPSED
1358288  14   0  19  295  2.2   32 Sl         08:51
    TID PSR %CPU STAT COMMAND
1358288  14  0.0 Sl   pulsar-core
1358297  14  0.0 Sl   pulsar-core
1358298  14  0.0 Sl   pulsar-core
1358299  13 84.9 Rl   pulsar-core
1358300   8  0.0 Sl   pulsar-core
1358329   0  0.0 Sl   pulsar-core
1358330   4  0.2 SNl  pulsar-jpg-l
1358331  15 50.5 Rl   pulsar-cam-l
1358332   4  0.2 SNl  pulsar-jpg-r
1358333   3 57.6 Sl   pulsar-cam-r
1358334  12 23.2 Sl   pulsar-sbs
20 %, 1 %, 440 MiB, P2, 1890 MHz, 121.02 W, 70
--- 1786030547.289709366 ---
    PID PSR  NI PRI %CPU %MEM NLWP STAT     ELAPSED
1358288  14   0  19  295  2.2   32 Sl         08:52
    TID PSR %CPU STAT COMMAND
1358288  14  0.0 Sl   pulsar-core
1358297  14  0.0 Sl   pulsar-core
1358298  14  0.0 Sl   pulsar-core
1358299  13 84.9 Rl   pulsar-core
1358300   8  0.0 Sl   pulsar-core
1358329   0  0.0 Sl   pulsar-core
1358330   6  0.2 SNl  pulsar-jpg-l
1358331  15 50.6 Rl   pulsar-cam-l
1358332   5  0.2 SNl  pulsar-jpg-r
1358333   3 57.6 Rl   pulsar-cam-r
1358334   4 23.2 Sl   pulsar-sbs
37 %, 1 %, 440 MiB, P2, 1935 MHz, 134.45 W, 72
--- 1786030548.472291533 ---
    PID PSR  NI PRI %CPU %MEM NLWP STAT     ELAPSED
1358288  14   0  19  295  2.2   32 Sl         08:53
    TID PSR %CPU STAT COMMAND
1358288  14  0.0 Sl   pulsar-core
1358297  14  0.0 Sl   pulsar-core
1358298  14  0.0 Sl   pulsar-core
1358299  13 84.9 Rl   pulsar-core
1358300   8  0.0 Sl   pulsar-core
1358329   0  0.0 Sl   pulsar-core
1358330   6  0.2 SNl  pulsar-jpg-l
1358331  15 50.6 Rl   pulsar-cam-l
1358332   5  0.2 SNl  pulsar-jpg-r
1358333   3 57.6 Rl   pulsar-cam-r
1358334   4 23.2 Sl   pulsar-sbs
26 %, 1 %, 440 MiB, P2, 1935 MHz, 146.46 W, 73
--- 1786030549.640708524 ---
    PID PSR  NI PRI %CPU %MEM NLWP STAT     ELAPSED
1358288   1   0  19  296  2.2   32 Sl         08:54
    TID PSR %CPU STAT COMMAND
1358288   1  0.0 Sl   pulsar-core
1358297  14  0.0 Sl   pulsar-core
1358298  14  0.0 Sl   pulsar-core
1358299  13 85.0 Rl   pulsar-core
1358300   8  0.0 Sl   pulsar-core
1358329   2  0.0 Sl   pulsar-core
1358330   9  0.2 SNl  pulsar-jpg-l
1358331  15 50.6 Sl   pulsar-cam-l
1358332   5  0.2 SNl  pulsar-jpg-r
1358333   3 57.7 Rl   pulsar-cam-r
1358334  12 23.2 Sl   pulsar-sbs
13 %, 1 %, 440 MiB, P2, 1770 MHz, 124.37 W, 71
--- 1786030550.916547624 ---
    PID PSR  NI PRI %CPU %MEM NLWP STAT     ELAPSED
1358288   2   0  19  296  2.2   32 Sl         08:55
    TID PSR %CPU STAT COMMAND
1358288   2  0.0 Sl   pulsar-core
1358297  14  0.0 Sl   pulsar-core
1358298  14  0.0 Sl   pulsar-core
1358299  13 85.0 Rl   pulsar-core
1358300   8  0.0 Sl   pulsar-core
1358329   8  0.0 Sl   pulsar-core
1358330   8  0.2 SNl  pulsar-jpg-l
1358331  15 50.6 Rl   pulsar-cam-l
1358332   5  0.2 SNl  pulsar-jpg-r
1358333   3 57.7 Rl   pulsar-cam-r
1358334  12 23.2 Sl   pulsar-sbs
33 %, 1 %, 440 MiB, P2, 1770 MHz, 115.49 W, 70
--- 1786030552.060161607 ---
    PID PSR  NI PRI %CPU %MEM NLWP STAT     ELAPSED
1358288   2   0  19  295  2.2   32 Sl         08:57
    TID PSR %CPU STAT COMMAND
1358288   2  0.0 Sl   pulsar-core
1358297  14  0.0 Sl   pulsar-core
1358298  14  0.0 Sl   pulsar-core
1358299  13 84.9 Rl   pulsar-core
1358300   8  0.0 Sl   pulsar-core
1358329   8  0.0 Sl   pulsar-core
1358330   8  0.2 SNl  pulsar-jpg-l
1358331  15 50.6 Rl   pulsar-cam-l
1358332   5  0.2 SNl  pulsar-jpg-r
1358333   3 57.6 Sl   pulsar-cam-r
1358334  12 23.2 Sl   pulsar-sbs
29 %, 1 %, 440 MiB, P2, 1770 MHz, 114.37 W, 69
--- 1786030553.197398235 ---
    PID PSR  NI PRI %CPU %MEM NLWP STAT     ELAPSED
1358288   2   0  19  295  2.2   32 Sl         08:58
    TID PSR %CPU STAT COMMAND
1358288   2  0.0 Sl   pulsar-core
1358297  14  0.0 Sl   pulsar-core
1358298  14  0.0 Sl   pulsar-core
1358299  13 84.9 Rl   pulsar-core
1358300   8  0.0 Sl   pulsar-core
1358329   8  0.0 Sl   pulsar-core
1358330   8  0.2 SNl  pulsar-jpg-l
1358331  15 50.6 Sl   pulsar-cam-l
1358332   5  0.2 SNl  pulsar-jpg-r
1358333   3 57.6 Rl   pulsar-cam-r
1358334  12 23.2 Sl   pulsar-sbs
28 %, 1 %, 440 MiB, P2, 1845 MHz, 121.54 W, 70
--- 1786030554.333069996 ---
    PID PSR  NI PRI %CPU %MEM NLWP STAT     ELAPSED
1358288   2   0  19  296  2.2   32 Sl         08:59
    TID PSR %CPU STAT COMMAND
1358288   2  0.0 Sl   pulsar-core
1358297  14  0.0 Sl   pulsar-core
1358298  14  0.0 Sl   pulsar-core
1358299  13 85.0 Rl   pulsar-core
1358300   8  0.0 Sl   pulsar-core
1358329   8  0.0 Sl   pulsar-core
1358330   2  0.2 SNl  pulsar-jpg-l
1358331  15 50.6 Rl   pulsar-cam-l
1358332   5  0.2 SNl  pulsar-jpg-r
1358333   3 57.7 Rl   pulsar-cam-r
1358334  12 23.2 Sl   pulsar-sbs
26 %, 1 %, 440 MiB, P2, 1770 MHz, 122.16 W, 69
--- 1786030555.446531804 ---
    PID PSR  NI PRI %CPU %MEM NLWP STAT     ELAPSED
1358288   2   0  19  296  2.2   32 Sl         09:00
    TID PSR %CPU STAT COMMAND
1358288   2  0.0 Sl   pulsar-core
1358297  14  0.0 Sl   pulsar-core
1358298  14  0.0 Sl   pulsar-core
1358299  13 85.0 Rl   pulsar-core
1358300   8  0.0 Sl   pulsar-core
1358329   8  0.0 Sl   pulsar-core
1358330   2  0.2 SNl  pulsar-jpg-l
1358331  15 50.6 Sl   pulsar-cam-l
1358332   9  0.2 SNl  pulsar-jpg-r
1358333   3 57.7 Rl   pulsar-cam-r
1358334  12 23.2 Rl   pulsar-sbs
33 %, 1 %, 440 MiB, P2, 1770 MHz, 114.31 W, 69
--- 1786030556.613421941 ---
    PID PSR  NI PRI %CPU %MEM NLWP STAT     ELAPSED
1358288   2   0  19  296  2.2   32 Sl         09:01
    TID PSR %CPU STAT COMMAND
1358288   2  0.0 Sl   pulsar-core
1358297  14  0.0 Sl   pulsar-core
1358298  14  0.0 Sl   pulsar-core
1358299  13 85.0 Rl   pulsar-core
1358300   8  0.0 Sl   pulsar-core
1358329  12  0.0 Sl   pulsar-core
1358330   2  0.2 SNl  pulsar-jpg-l
1358331  15 50.6 Sl   pulsar-cam-l
1358332   5  0.2 SNl  pulsar-jpg-r
1358333   3 57.7 Sl   pulsar-cam-r
1358334  12 23.2 Sl   pulsar-sbs
30 %, 1 %, 440 MiB, P2, 1770 MHz, 113.80 W, 69
--- 1786030557.742988899 ---
    PID PSR  NI PRI %CPU %MEM NLWP STAT     ELAPSED
1358288   2   0  19  296  2.2   32 Sl         09:02
    TID PSR %CPU STAT COMMAND
1358288   2  0.0 Sl   pulsar-core
1358297  14  0.0 Sl   pulsar-core
1358298  14  0.0 Sl   pulsar-core
1358299  13 85.0 Rl   pulsar-core
1358300   8  0.0 Sl   pulsar-core
1358329   9  0.0 Sl   pulsar-core
1358330   4  0.2 SNl  pulsar-jpg-l
1358331  15 50.7 Sl   pulsar-cam-l
1358332   5  0.2 SNl  pulsar-jpg-r
1358333   3 57.7 Rl   pulsar-cam-r
1358334  12 23.3 Rl   pulsar-sbs
30 %, 1 %, 440 MiB, P2, 1770 MHz, 114.01 W, 68

===== NEW PIPELINE LOGS =====
UI Runtime: perf-stats window-ms=5000.1 raf-fps=3.59993 raf-misses=18 raf-gap-max-ms=601.7 long-tasks=0 long-task-ms=0 state-api-ms=3.3 left-samples=0 left-request-ms=0 left-source-age-ms=0 left-decode-ms=0 left-draw-ms=0 left-dropped=0 right-samples=0 right-request-ms=0 right-source-age-ms=0 right-decode-ms=0 right-draw-ms=0 right-dropped=0
Right Camera: latency-stats pipeline=gpu output-fps=26.9319 acquired-fps=26.9319 stale-dropped=0 dequeue-wait-ms=17.5173 raw-copy-ms=11.8001 process-ms=4.16155 publish-ms=3.63968 host-pipeline-ms=19.6026 host-pipeline-max-ms=38.444 gpu-h2d-ms=2.57698 gpu-debayer-ms=0.10412 gpu-resize-ms=0.0498311 gpu-d2h-ms=1.27145 gpu-total-ms=4.00239 gpu-total-max-ms=7.07891
Left Camera: latency-stats pipeline=gpu output-fps=26.4175 acquired-fps=26.4175 stale-dropped=0 dequeue-wait-ms=19.3542 raw-copy-ms=10.3873 process-ms=4.17644 publish-ms=3.91969 host-pipeline-ms=18.4852 host-pipeline-max-ms=33.2307 gpu-h2d-ms=2.49657 gpu-debayer-ms=0.102608 gpu-resize-ms=0.0500238 gpu-d2h-ms=1.34411 gpu-total-ms=3.99331 gpu-total-max-ms=6.4489
SBS Renderer: latency-stats pairing-mode=latest-zero-hold loop-fps=29.829 left-host-age-ms=64.6159 right-host-age-ms=66.6938 stereo-host-skew-ms=19.1531 camera-frame-id-delta=0.459016 texture-upload-ms=5.27378 texture-upload-max-ms=12.5268 upload-path=gl-pbo prepare-ms=0.00815321 prepare-max-ms=0.037736 render-ms=27.8559 render-max-ms=204.463 present-ms=0.536787 present-max-ms=1.71776 loop-total-ms=28.4072 loop-total-max-ms=205.115 panels=2 held-pair-loops=0
Right Camera: latency-stats pipeline=gpu output-fps=27.1147 acquired-fps=27.1147 stale-dropped=0 dequeue-wait-ms=15.6147 raw-copy-ms=12.8086 process-ms=4.39439 publish-ms=4.05143 host-pipeline-ms=21.2557 host-pipeline-max-ms=36.1302 gpu-h2d-ms=2.69895 gpu-debayer-ms=0.101712 gpu-resize-ms=0.0503948 gpu-d2h-ms=1.36042 gpu-total-ms=4.21148 gpu-total-max-ms=7.81878
Left Camera: latency-stats pipeline=gpu output-fps=26.8823 acquired-fps=26.8823 stale-dropped=0 dequeue-wait-ms=18.78 raw-copy-ms=9.66027 process-ms=4.86667 publish-ms=3.88194 host-pipeline-ms=18.4102 host-pipeline-max-ms=26.6708 gpu-h2d-ms=3.00086 gpu-debayer-ms=0.103349 gpu-resize-ms=0.0503197 gpu-d2h-ms=1.49943 gpu-total-ms=4.65396 gpu-total-max-ms=9.20243
SBS Renderer: latency-stats pairing-mode=latest-zero-hold loop-fps=37.9843 left-host-age-ms=56.5302 right-host-age-ms=57.8426 stereo-host-skew-ms=19.288 camera-frame-id-delta=0.589744 texture-upload-ms=5.09656 texture-upload-max-ms=11.9334 upload-path=gl-pbo prepare-ms=0.00699304 prepare-max-ms=0.040774 render-ms=19.9066 render-max-ms=219.416 present-ms=0.455209 present-max-ms=1.03862 loop-total-ms=20.3726 loop-total-max-ms=219.811 panels=2 held-pair-loops=0
Right Camera: latency-stats pipeline=gpu output-fps=26.3445 acquired-fps=26.3445 stale-dropped=0 dequeue-wait-ms=14.6088 raw-copy-ms=13.7276 process-ms=4.96133 publish-ms=4.65058 host-pipeline-ms=23.3407 host-pipeline-max-ms=36.6909 gpu-h2d-ms=3.07468 gpu-debayer-ms=0.117545 gpu-resize-ms=0.0510291 gpu-d2h-ms=1.5033 gpu-total-ms=4.74655 gpu-total-max-ms=8.28656
Left Camera: latency-stats pipeline=gpu output-fps=26.1349 acquired-fps=26.1349 stale-dropped=0 dequeue-wait-ms=17.9062 raw-copy-ms=11.1727 process-ms=4.99354 publish-ms=4.17019 host-pipeline-ms=20.338 host-pipeline-max-ms=28.0509 gpu-h2d-ms=3.0803 gpu-debayer-ms=0.114245 gpu-resize-ms=0.0502074 gpu-d2h-ms=1.54593 gpu-total-ms=4.79068 gpu-total-max-ms=8.45814
UI Runtime: perf-stats window-ms=4999.8 raf-fps=3.80015 raf-misses=19 raf-gap-max-ms=518.2 long-tasks=0 long-task-ms=0 state-api-ms=14.4 left-samples=0 left-request-ms=0 left-source-age-ms=0 left-decode-ms=0 left-draw-ms=0 left-dropped=0 right-samples=0 right-request-ms=0 right-source-age-ms=0 right-decode-ms=0 right-draw-ms=0 right-dropped=0
SBS Renderer: latency-stats pairing-mode=latest-zero-hold loop-fps=33.4266 left-host-age-ms=62.7973 right-host-age-ms=61.3249 stereo-host-skew-ms=18.4787 camera-frame-id-delta=0.537313 texture-upload-ms=5.22555 texture-upload-max-ms=9.0125 upload-path=gl-pbo prepare-ms=0.00745639 prepare-max-ms=0.031902 render-ms=24.4467 render-max-ms=225.856 present-ms=0.448259 present-max-ms=1.10366 loop-total-ms=24.9068 loop-total-max-ms=226.644 panels=2 held-pair-loops=0
Right Camera: latency-stats pipeline=gpu output-fps=26.7236 acquired-fps=26.7236 stale-dropped=0 dequeue-wait-ms=15.7651 raw-copy-ms=12.7609 process-ms=4.74974 publish-ms=4.1291 host-pipeline-ms=21.6406 host-pipeline-max-ms=36.189 gpu-h2d-ms=2.91795 gpu-debayer-ms=0.117287 gpu-resize-ms=0.0506258 gpu-d2h-ms=1.49323 gpu-total-ms=4.5791 gpu-total-max-ms=8.93114
Left Camera: latency-stats pipeline=gpu output-fps=26.9388 acquired-fps=26.9388 stale-dropped=0 dequeue-wait-ms=17.8918 raw-copy-ms=10.3275 process-ms=4.85155 publish-ms=4.0402 host-pipeline-ms=19.2207 host-pipeline-max-ms=32.8873 gpu-h2d-ms=3.04882 gpu-debayer-ms=0.125607 gpu-resize-ms=0.0509382 gpu-d2h-ms=1.45609 gpu-total-ms=4.68145 gpu-total-max-ms=10.0828
SBS Renderer: latency-stats pairing-mode=latest-zero-hold loop-fps=34.4523 left-host-age-ms=60.9625 right-host-age-ms=64.3699 stereo-host-skew-ms=19.2744 camera-frame-id-delta=0.521739 texture-upload-ms=5.1593 texture-upload-max-ms=8.02604 upload-path=gl-pbo prepare-ms=0.00905783 prepare-max-ms=0.05305 render-ms=24.1229 render-max-ms=229.941 present-ms=0.490485 present-max-ms=1.30082 loop-total-ms=24.6269 loop-total-max-ms=230.525 panels=2 held-pair-loops=0
Right Camera: latency-stats pipeline=gpu output-fps=25.9286 acquired-fps=25.9286 stale-dropped=0 dequeue-wait-ms=17.058 raw-copy-ms=13.0721 process-ms=4.83658 publish-ms=3.5899 host-pipeline-ms=21.5001 host-pipeline-max-ms=31.9637 gpu-h2d-ms=3.04301 gpu-debayer-ms=0.104557 gpu-resize-ms=0.0505354 gpu-d2h-ms=1.43512 gpu-total-ms=4.63322 gpu-total-max-ms=9.32285
Left Camera: latency-stats pipeline=gpu output-fps=26.9084 acquired-fps=26.9084 stale-dropped=0 dequeue-wait-ms=17.0441 raw-copy-ms=10.8152 process-ms=4.96244 publish-ms=4.32681 host-pipeline-ms=20.1059 host-pipeline-max-ms=41.4002 gpu-h2d-ms=3.11461 gpu-debayer-ms=0.103777 gpu-resize-ms=0.0499834 gpu-d2h-ms=1.49051 gpu-total-ms=4.75889 gpu-total-max-ms=8.27933
SBS Renderer: latency-stats pairing-mode=latest-zero-hold loop-fps=34.0626 left-host-age-ms=59.6855 right-host-age-ms=65.7903 stereo-host-skew-ms=20.0119 camera-frame-id-delta=0.594203 texture-upload-ms=4.74894 texture-upload-max-ms=9.1436 upload-path=gl-pbo prepare-ms=0.00711793 prepare-max-ms=0.026274 render-ms=24.0226 render-max-ms=224.529 present-ms=0.445622 present-max-ms=0.957499 loop-total-ms=24.479 loop-total-max-ms=224.903 panels=2 held-pair-loops=0
UI Runtime: perf-stats window-ms=4999.7 raf-fps=4.20025 raf-misses=21 raf-gap-max-ms=484.7 long-tasks=0 long-task-ms=0 state-api-ms=14.9 left-samples=0 left-request-ms=0 left-source-age-ms=0 left-decode-ms=0 left-draw-ms=0 left-dropped=0 right-samples=0 right-request-ms=0 right-source-age-ms=0 right-decode-ms=0 right-draw-ms=0 right-dropped=0
Right Camera: latency-stats pipeline=gpu output-fps=26.9286 acquired-fps=26.9286 stale-dropped=0 dequeue-wait-ms=16.3333 raw-copy-ms=12.0768 process-ms=4.35553 publish-ms=4.35727 host-pipeline-ms=20.7907 host-pipeline-max-ms=38.3615 gpu-h2d-ms=2.64404 gpu-debayer-ms=0.0999354 gpu-resize-ms=0.0503295 gpu-d2h-ms=1.3933 gpu-total-ms=4.18761 gpu-total-max-ms=7.43658
Left Camera: latency-stats pipeline=gpu output-fps=26.2239 acquired-fps=26.2239 stale-dropped=0 dequeue-wait-ms=19.8994 raw-copy-ms=10.1319 process-ms=4.63508 publish-ms=3.456 host-pipeline-ms=18.2243 host-pipeline-max-ms=28.7801 gpu-h2d-ms=2.93397 gpu-debayer-ms=0.10348 gpu-resize-ms=0.0498681 gpu-d2h-ms=1.38735 gpu-total-ms=4.47466 gpu-total-max-ms=11.1682
SBS Renderer: latency-stats pairing-mode=latest-zero-hold loop-fps=34.489 left-host-age-ms=58.9421 right-host-age-ms=61.7933 stereo-host-skew-ms=18.4637 camera-frame-id-delta=0.550725 texture-upload-ms=4.98664 texture-upload-max-ms=9.10546 upload-path=gl-pbo prepare-ms=0.00758425 prepare-max-ms=0.031413 render-ms=22.5724 render-max-ms=215.46 present-ms=0.476984 present-max-ms=1.5123 loop-total-ms=23.0607 loop-total-max-ms=216.007 panels=2 held-pair-loops=0
Right Camera: latency-stats pipeline=gpu output-fps=26.5348 acquired-fps=26.5348 stale-dropped=0 dequeue-wait-ms=15.8254 raw-copy-ms=12.7582 process-ms=4.66874 publish-ms=4.42269 host-pipeline-ms=21.8508 host-pipeline-max-ms=35.5353 gpu-h2d-ms=2.87398 gpu-debayer-ms=0.106916 gpu-resize-ms=0.051901 gpu-d2h-ms=1.46547 gpu-total-ms=4.49827 gpu-total-max-ms=7.35229
Left Camera: latency-stats pipeline=gpu output-fps=27.4775 acquired-fps=27.4775 stale-dropped=0 dequeue-wait-ms=17.2253 raw-copy-ms=10.3212 process-ms=4.85608 publish-ms=3.97865 host-pipeline-ms=19.1569 host-pipeline-max-ms=33.1869 gpu-h2d-ms=3.03196 gpu-debayer-ms=0.108213 gpu-resize-ms=0.0497466 gpu-d2h-ms=1.49738 gpu-total-ms=4.68731 gpu-total-max-ms=9.76214
SBS Renderer: latency-stats pairing-mode=latest-zero-hold loop-fps=34.0852 left-host-age-ms=61.5821 right-host-age-ms=63.2569 stereo-host-skew-ms=19.5081 camera-frame-id-delta=0.594203 texture-upload-ms=5.11707 texture-upload-max-ms=8.9503 upload-path=gl-pbo prepare-ms=0.00852932 prepare-max-ms=0.039005 render-ms=23.7435 render-max-ms=235.784 present-ms=0.483614 present-max-ms=1.31236 loop-total-ms=24.2398 loop-total-max-ms=236.285 panels=2 held-pair-loops=0
Right Camera: latency-stats pipeline=gpu output-fps=26.6814 acquired-fps=26.6814 stale-dropped=0 dequeue-wait-ms=16.1147 raw-copy-ms=12.8233 process-ms=4.73619 publish-ms=3.79295 host-pipeline-ms=21.3534 host-pipeline-max-ms=31.4283 gpu-h2d-ms=2.91073 gpu-debayer-ms=0.11112 gpu-resize-ms=0.0507769 gpu-d2h-ms=1.4981 gpu-total-ms=4.57073 gpu-total-max-ms=9.91747
Left Camera: latency-stats pipeline=gpu output-fps=26.9747 acquired-fps=26.9747 stale-dropped=0 dequeue-wait-ms=18.2186 raw-copy-ms=10.0417 process-ms=4.71443 publish-ms=4.08688 host-pipeline-ms=18.8445 host-pipeline-max-ms=27.971 gpu-h2d-ms=2.94391 gpu-debayer-ms=0.111464 gpu-resize-ms=0.0503858 gpu-d2h-ms=1.43551 gpu-total-ms=4.54127 gpu-total-max-ms=7.82205
UI Runtime: perf-stats window-ms=5001 raf-fps=3.59928 raf-misses=18 raf-gap-max-ms=551.6 long-tasks=0 long-task-ms=0 state-api-ms=26.5 left-samples=0 left-request-ms=0 left-source-age-ms=0 left-decode-ms=0 left-draw-ms=0 left-dropped=0 right-samples=0 right-request-ms=0 right-source-age-ms=0 right-decode-ms=0 right-draw-ms=0 right-dropped=0
SBS Renderer: latency-stats pairing-mode=latest-zero-hold loop-fps=33.2346 left-host-age-ms=60.7143 right-host-age-ms=63.4693 stereo-host-skew-ms=19.617 camera-frame-id-delta=0.529412 texture-upload-ms=5.2463 texture-upload-max-ms=9.57013 upload-path=gl-pbo prepare-ms=0.00889556 prepare-max-ms=0.030488 render-ms=23.6445 render-max-ms=222.315 present-ms=0.492609 present-max-ms=2.11902 loop-total-ms=24.1507 loop-total-max-ms=222.981 panels=2 held-pair-loops=0
Right Camera: latency-stats pipeline=gpu output-fps=24.4698 acquired-fps=24.4698 stale-dropped=0 dequeue-wait-ms=18.4168 raw-copy-ms=12.5518 process-ms=4.67095 publish-ms=5.21776 host-pipeline-ms=22.4416 host-pipeline-max-ms=41.624 gpu-h2d-ms=2.76085 gpu-debayer-ms=0.111566 gpu-resize-ms=0.0526655 gpu-d2h-ms=1.46352 gpu-total-ms=4.3886 gpu-total-max-ms=9.26515
Left Camera: latency-stats pipeline=gpu output-fps=25.0543 acquired-fps=25.0543 stale-dropped=0 dequeue-wait-ms=19.6598 raw-copy-ms=10.5872 process-ms=5.01385 publish-ms=4.64244 host-pipeline-ms=20.2448 host-pipeline-max-ms=38.0819 gpu-h2d-ms=3.19095 gpu-debayer-ms=0.106835 gpu-resize-ms=0.0500787 gpu-d2h-ms=1.49302 gpu-total-ms=4.84088 gpu-total-max-ms=9.14301
SBS Renderer: latency-stats pairing-mode=latest-zero-hold loop-fps=33.9146 left-host-age-ms=59.2183 right-host-age-ms=61.6367 stereo-host-skew-ms=22.2377 camera-frame-id-delta=0.714286 texture-upload-ms=4.99051 texture-upload-max-ms=8.74065 upload-path=gl-pbo prepare-ms=0.00615351 prepare-max-ms=0.027401 render-ms=19.4906 render-max-ms=207.721 present-ms=0.488371 present-max-ms=1.48204 loop-total-ms=19.9888 loop-total-max-ms=208.353 panels=2 held-pair-loops=0
Right Camera: latency-stats pipeline=gpu output-fps=25.9351 acquired-fps=25.9351 stale-dropped=0 dequeue-wait-ms=16.4627 raw-copy-ms=13.1345 process-ms=4.97979 publish-ms=3.96656 host-pipeline-ms=22.0822 host-pipeline-max-ms=36.5043 gpu-h2d-ms=3.02439 gpu-debayer-ms=0.114338 gpu-resize-ms=0.0511662 gpu-d2h-ms=1.55585 gpu-total-ms=4.74574 gpu-total-max-ms=9.84435
Left Camera: latency-stats pipeline=gpu output-fps=27.2476 acquired-fps=27.2476 stale-dropped=0 dequeue-wait-ms=16.3811 raw-copy-ms=10.9502 process-ms=4.96857 publish-ms=4.38916 host-pipeline-ms=20.3093 host-pipeline-max-ms=31.654 gpu-h2d-ms=3.08865 gpu-debayer-ms=0.103732 gpu-resize-ms=0.0505972 gpu-d2h-ms=1.5499 gpu-total-ms=4.79288 gpu-total-max-ms=10.3679
SBS Renderer: latency-stats pairing-mode=latest-zero-hold loop-fps=36.44 left-host-age-ms=59.6588 right-host-age-ms=62.816 stereo-host-skew-ms=19.492 camera-frame-id-delta=0.589041 texture-upload-ms=5.41073 texture-upload-max-ms=10.316 upload-path=gl-pbo prepare-ms=0.00920021 prepare-max-ms=0.069023 render-ms=20.7398 render-max-ms=217.549 present-ms=0.500187 present-max-ms=1.87746 loop-total-ms=21.2531 loop-total-max-ms=218.053 panels=2 held-pair-loops=0
UI Runtime: perf-stats window-ms=4999.3 raf-fps=9.00126 raf-misses=44 raf-gap-max-ms=451.4 long-tasks=1 long-task-ms=63 state-api-ms=17.89 left-samples=0 left-request-ms=0 left-source-age-ms=0 left-decode-ms=0 left-draw-ms=0 left-dropped=0 right-samples=0 right-request-ms=0 right-source-age-ms=0 right-decode-ms=0 right-draw-ms=0 right-dropped=0
Right Camera: latency-stats pipeline=gpu output-fps=25.6721 acquired-fps=25.6721 stale-dropped=0 dequeue-wait-ms=14.8021 raw-copy-ms=14.0613 process-ms=5.16041 publish-ms=4.91599 host-pipeline-ms=24.1391 host-pipeline-max-ms=35.8989 gpu-h2d-ms=3.19753 gpu-debayer-ms=0.117215 gpu-resize-ms=0.0509397 gpu-d2h-ms=1.58455 gpu-total-ms=4.95024 gpu-total-max-ms=8.99472
Left Camera: latency-stats pipeline=gpu output-fps=25.9936 acquired-fps=25.9936 stale-dropped=0 dequeue-wait-ms=17.5748 raw-copy-ms=11.4095 process-ms=4.85342 publish-ms=4.62207 host-pipeline-ms=20.8866 host-pipeline-max-ms=31.8451 gpu-h2d-ms=2.9429 gpu-debayer-ms=0.110908 gpu-resize-ms=0.0508271 gpu-d2h-ms=1.54164 gpu-total-ms=4.64628 gpu-total-max-ms=8.05094
SBS Renderer: latency-stats pairing-mode=latest-zero-hold loop-fps=32.483 left-host-age-ms=61.1615 right-host-age-ms=62.7143 stereo-host-skew-ms=20.0378 camera-frame-id-delta=0.553846 texture-upload-ms=5.32817 texture-upload-max-ms=10.0327 upload-path=gl-pbo prepare-ms=0.00758623 prepare-max-ms=0.028857 render-ms=24.3685 render-max-ms=266.016 present-ms=0.538449 present-max-ms=1.47827 loop-total-ms=24.9183 loop-total-max-ms=266.61 panels=2 held-pair-loops=0
Right Camera: latency-stats pipeline=gpu output-fps=26.3582 acquired-fps=26.3582 stale-dropped=0 dequeue-wait-ms=18.2085 raw-copy-ms=11.1275 process-ms=4.39056 publish-ms=4.1998 host-pipeline-ms=19.7191 host-pipeline-max-ms=30.9973 gpu-h2d-ms=2.69148 gpu-debayer-ms=0.111559 gpu-resize-ms=0.0509663 gpu-d2h-ms=1.39172 gpu-total-ms=4.24572 gpu-total-max-ms=7.75574
Left Camera: latency-stats pipeline=gpu output-fps=26.1607 acquired-fps=26.1607 stale-dropped=0 dequeue-wait-ms=18.7456 raw-copy-ms=10.9247 process-ms=4.74245 publish-ms=3.80209 host-pipeline-ms=19.4708 host-pipeline-max-ms=30.8256 gpu-h2d-ms=2.97551 gpu-debayer-ms=0.113948 gpu-resize-ms=0.0497835 gpu-d2h-ms=1.41593 gpu-total-ms=4.55517 gpu-total-max-ms=8.09789
SBS Renderer: latency-stats pairing-mode=latest-zero-hold loop-fps=33.04 left-host-age-ms=66.734 right-host-age-ms=63.682 stereo-host-skew-ms=19.5542 camera-frame-id-delta=0.513889 texture-upload-ms=5.10966 texture-upload-max-ms=9.72424 upload-path=gl-pbo prepare-ms=0.00900562 prepare-max-ms=0.058786 render-ms=25.8186 render-max-ms=216.811 present-ms=0.522316 present-max-ms=1.90075 loop-total-ms=26.3543 loop-total-max-ms=217.198 panels=2 held-pair-loops=0
Right Camera: latency-stats pipeline=gpu output-fps=26.5951 acquired-fps=26.5951 stale-dropped=0 dequeue-wait-ms=14.6634 raw-copy-ms=13.108 process-ms=4.86788 publish-ms=4.94669 host-pipeline-ms=22.9239 host-pipeline-max-ms=41.1467 gpu-h2d-ms=3.03926 gpu-debayer-ms=0.105424 gpu-resize-ms=0.0503911 gpu-d2h-ms=1.49262 gpu-total-ms=4.68769 gpu-total-max-ms=8.91654
Left Camera: latency-stats pipeline=gpu output-fps=26.6835 acquired-fps=26.6835 stale-dropped=0 dequeue-wait-ms=17.996 raw-copy-ms=10.7159 process-ms=4.73439 publish-ms=4.01723 host-pipeline-ms=19.4689 host-pipeline-max-ms=31.7008 gpu-h2d-ms=2.90691 gpu-debayer-ms=0.123336 gpu-resize-ms=0.0499692 gpu-d2h-ms=1.47694 gpu-total-ms=4.55715 gpu-total-max-ms=8.83235
UI Runtime: perf-stats window-ms=4999.8 raf-fps=3.20013 raf-misses=16 raf-gap-max-ms=601.8 long-tasks=0 long-task-ms=0 state-api-ms=608.4 left-samples=0 left-request-ms=0 left-source-age-ms=0 left-decode-ms=0 left-draw-ms=0 left-dropped=0 right-samples=0 right-request-ms=0 right-source-age-ms=0 right-decode-ms=0 right-draw-ms=0 right-dropped=0
SBS Renderer: latency-stats pairing-mode=latest-zero-hold loop-fps=33.8288 left-host-age-ms=60.7795 right-host-age-ms=62.9368 stereo-host-skew-ms=19.1769 camera-frame-id-delta=0.573529 texture-upload-ms=5.1534 texture-upload-max-ms=24.3479 upload-path=gl-pbo prepare-ms=0.00809603 prepare-max-ms=0.07019 render-ms=23.6577 render-max-ms=221.91 present-ms=0.423361 present-max-ms=1.12082 loop-total-ms=24.0927 loop-total-max-ms=222.912 panels=2 held-pair-loops=0
Right Camera: latency-stats pipeline=gpu output-fps=25.3744 acquired-fps=25.3744 stale-dropped=0 dequeue-wait-ms=17.9295 raw-copy-ms=13.2972 process-ms=4.69622 publish-ms=3.47877 host-pipeline-ms=21.4735 host-pipeline-max-ms=32.8632 gpu-h2d-ms=2.87316 gpu-debayer-ms=0.107061 gpu-resize-ms=0.0513456 gpu-d2h-ms=1.3793 gpu-total-ms=4.41087 gpu-total-max-ms=8.36512
Left Camera: latency-stats pipeline=gpu output-fps=26.2015 acquired-fps=26.2015 stale-dropped=0 dequeue-wait-ms=18.7377 raw-copy-ms=9.5361 process-ms=5.50336 publish-ms=4.37888 host-pipeline-ms=19.4195 host-pipeline-max-ms=31.1163 gpu-h2d-ms=3.53251 gpu-debayer-ms=0.117276 gpu-resize-ms=0.0501851 gpu-d2h-ms=1.59734 gpu-total-ms=5.29731 gpu-total-max-ms=12.0674
SBS Renderer: latency-stats pairing-mode=latest-zero-hold loop-fps=34.8057 left-host-age-ms=57.3184 right-host-age-ms=65.2969 stereo-host-skew-ms=18.8658 camera-frame-id-delta=0.757143 texture-upload-ms=4.98154 texture-upload-max-ms=9.92998 upload-path=gl-pbo prepare-ms=0.00736521 prepare-max-ms=0.030379 render-ms=22.5263 render-max-ms=211.766 present-ms=0.482973 present-max-ms=1.51503 loop-total-ms=23.0203 loop-total-max-ms=212.194 panels=2 held-pair-loops=0
Right Camera: latency-stats pipeline=gpu output-fps=26.3427 acquired-fps=26.3427 stale-dropped=0 dequeue-wait-ms=13.7918 raw-copy-ms=15.1512 process-ms=4.79259 publish-ms=4.21204 host-pipeline-ms=24.157 host-pipeline-max-ms=37.4733 gpu-h2d-ms=2.99605 gpu-debayer-ms=0.112464 gpu-resize-ms=0.0506506 gpu-d2h-ms=1.45569 gpu-total-ms=4.61486 gpu-total-max-ms=8.01616
Left Camera: latency-stats pipeline=gpu output-fps=27.2416 acquired-fps=27.2416 stale-dropped=0 dequeue-wait-ms=17.2086 raw-copy-ms=10.5179 process-ms=5.00434 publish-ms=3.96672 host-pipeline-ms=19.4905 host-pipeline-max-ms=28.8707 gpu-h2d-ms=3.09566 gpu-debayer-ms=0.113626 gpu-resize-ms=0.0506479 gpu-d2h-ms=1.55094 gpu-total-ms=4.81088 gpu-total-max-ms=7.65462
SBS Renderer: latency-stats pairing-mode=latest-zero-hold loop-fps=35.7025 left-host-age-ms=61.9367 right-host-age-ms=64.4557 stereo-host-skew-ms=20.07 camera-frame-id-delta=0.569444 texture-upload-ms=5.37674 texture-upload-max-ms=9.67537 upload-path=gl-pbo prepare-ms=0.0089956 prepare-max-ms=0.046564 render-ms=23.3043 render-max-ms=228.355 present-ms=0.5178 present-max-ms=1.23461 loop-total-ms=23.8355 loop-total-max-ms=229.061 panels=2 held-pair-loops=0
UI Runtime: perf-stats window-ms=5000.2 raf-fps=3.79985 raf-misses=19 raf-gap-max-ms=551.6 long-tasks=0 long-task-ms=0 state-api-ms=11.5 left-samples=0 left-request-ms=0 left-source-age-ms=0 left-decode-ms=0 left-draw-ms=0 left-dropped=0 right-samples=0 right-request-ms=0 right-source-age-ms=0 right-decode-ms=0 right-draw-ms=0 right-dropped=0
Right Camera: latency-stats pipeline=gpu output-fps=26.4209 acquired-fps=26.4209 stale-dropped=0 dequeue-wait-ms=14.4664 raw-copy-ms=14.1762 process-ms=5.03278 publish-ms=4.16358 host-pipeline-ms=23.3737 host-pipeline-max-ms=35.4188 gpu-h2d-ms=3.17168 gpu-debayer-ms=0.107786 gpu-resize-ms=0.050269 gpu-d2h-ms=1.52263 gpu-total-ms=4.85236 gpu-total-max-ms=8.09728
Left Camera: latency-stats pipeline=gpu output-fps=26.1815 acquired-fps=26.1815 stale-dropped=0 dequeue-wait-ms=17.0256 raw-copy-ms=11.5668 process-ms=5.09186 publish-ms=4.49893 host-pipeline-ms=21.1591 host-pipeline-max-ms=29.4529 gpu-h2d-ms=3.08729 gpu-debayer-ms=0.109791 gpu-resize-ms=0.0514445 gpu-d2h-ms=1.65885 gpu-total-ms=4.90738 gpu-total-max-ms=8.05747
SBS Renderer: latency-stats pairing-mode=latest-zero-hold loop-fps=33.5614 left-host-age-ms=59.6471 right-host-age-ms=65.9721 stereo-host-skew-ms=20.8879 camera-frame-id-delta=0.602941 texture-upload-ms=4.97899 texture-upload-max-ms=8.49602 upload-path=gl-pbo prepare-ms=0.00759144 prepare-max-ms=0.024537 render-ms=23.7611 render-max-ms=195.592 present-ms=0.468408 present-max-ms=1.36578 loop-total-ms=24.2411 loop-total-max-ms=196.148 panels=2 held-pair-loops=0
Right Camera: latency-stats pipeline=gpu output-fps=27.0071 acquired-fps=27.0071 stale-dropped=0 dequeue-wait-ms=15.0493 raw-copy-ms=13.1276 process-ms=4.72663 publish-ms=4.11167 host-pipeline-ms=21.9673 host-pipeline-max-ms=38.1938 gpu-h2d-ms=2.93643 gpu-debayer-ms=0.111357 gpu-resize-ms=0.0503674 gpu-d2h-ms=1.45344 gpu-total-ms=4.5516 gpu-total-max-ms=10.0566
Left Camera: latency-stats pipeline=gpu output-fps=26.5418 acquired-fps=26.5418 stale-dropped=0 dequeue-wait-ms=18.2907 raw-copy-ms=10.5731 process-ms=4.62269 publish-ms=4.17747 host-pipeline-ms=19.3744 host-pipeline-max-ms=29.5123 gpu-h2d-ms=2.82433 gpu-debayer-ms=0.106705 gpu-resize-ms=0.0502258 gpu-d2h-ms=1.466 gpu-total-ms=4.44727 gpu-total-max-ms=8.37699
SBS Renderer: latency-stats pairing-mode=latest-zero-hold loop-fps=33.7998 left-host-age-ms=60.6644 right-host-age-ms=66.8106 stereo-host-skew-ms=20.5227 camera-frame-id-delta=0.71831 texture-upload-ms=5.10427 texture-upload-max-ms=11.1772 upload-path=gl-pbo prepare-ms=0.00748987 prepare-max-ms=0.03382 render-ms=23.8262 render-max-ms=219.023 present-ms=0.456408 present-max-ms=1.07614 loop-total-ms=24.2935 loop-total-max-ms=219.618 panels=2 held-pair-loops=0
Right Camera: latency-stats pipeline=gpu output-fps=26.0073 acquired-fps=26.0073 stale-dropped=0 dequeue-wait-ms=14.4665 raw-copy-ms=14.4464 process-ms=4.94531 publish-ms=4.57982 host-pipeline-ms=23.9734 host-pipeline-max-ms=37.3723 gpu-h2d-ms=3.02789 gpu-debayer-ms=0.114507 gpu-resize-ms=0.0503046 gpu-d2h-ms=1.5136 gpu-total-ms=4.7063 gpu-total-max-ms=10.3672
Left Camera: latency-stats pipeline=gpu output-fps=26.1845 acquired-fps=26.1845 stale-dropped=0 dequeue-wait-ms=18.1798 raw-copy-ms=10.529 process-ms=4.97359 publish-ms=4.49239 host-pipeline-ms=19.9972 host-pipeline-max-ms=29.3176 gpu-h2d-ms=3.04215 gpu-debayer-ms=0.106116 gpu-resize-ms=0.0508287 gpu-d2h-ms=1.58441 gpu-total-ms=4.7835 gpu-total-max-ms=7.48272
UI Runtime: perf-stats window-ms=5000.3 raf-fps=3.59978 raf-misses=18 raf-gap-max-ms=585.1 long-tasks=0 long-task-ms=0 state-api-ms=19 left-samples=0 left-request-ms=0 left-source-age-ms=0 left-decode-ms=0 left-draw-ms=0 left-dropped=0 right-samples=0 right-request-ms=0 right-source-age-ms=0 right-decode-ms=0 right-draw-ms=0 right-dropped=0

===== CURRENT SERVICE ERRORS =====
Aug 06 15:26:45 pulsar xinit[1357727]:         (WW) warning, (EE) error, (NI) not implemented, (??) unknown.

============================================================
STEADY-STATE DIAGNOSIS FINISHED
============================================================
